// Jest Snapshot v1, https://goo.gl/fbAQLP

exports[`extractTypeDefinitionFromQuerySql should be able to determine types accurately for this example 1`] = `
TypeDefinitionOfQuery {
  "inputVariables": Array [
    TypeDefinitionOfQueryInputVariable {
      "functionReferencePath": null,
      "name": "id",
      "tableReferencePath": "i.id",
    },
  ],
  "selectExpressions": Array [
    TypeDefinitionOfQuerySelectExpression {
      "alias": "id",
      "sourcePath": "i.id",
    },
    TypeDefinitionOfQuerySelectExpression {
      "alias": "url",
      "sourcePath": "i.url",
    },
    TypeDefinitionOfQuerySelectExpression {
      "alias": "caption",
      "sourcePath": "i.caption",
    },
    TypeDefinitionOfQuerySelectExpression {
      "alias": "alt_text",
      "sourcePath": "i.alt_text",
    },
    TypeDefinitionOfQuerySelectExpression {
      "alias": "credit",
      "sourcePath": "i.credit",
    },
  ],
  "tableReferences": Array [
    TypeDefinitionOfQueryTableReference {
      "alias": "i",
      "tableName": "image",
    },
  ],
}
`;

exports[`extractTypeDefinitionFromQuerySql should be able to determine types accurately for this other example 1`] = `
TypeDefinitionOfQuery {
  "inputVariables": Array [],
  "selectExpressions": Array [
    TypeDefinitionOfQuerySelectExpression {
      "alias": "id",
      "sourcePath": "s.id",
    },
    TypeDefinitionOfQuerySelectExpression {
      "alias": "uuid",
      "sourcePath": "s.uuid",
    },
    TypeDefinitionOfQuerySelectExpression {
      "alias": "suggestion_source",
      "sourcePath": "s.suggestion_source",
    },
    TypeDefinitionOfQuerySelectExpression {
      "alias": "external_id",
      "sourcePath": "s.external_id",
    },
    TypeDefinitionOfQuerySelectExpression {
      "alias": "suggested_idea_id",
      "sourcePath": "s.suggested_idea_id",
    },
    TypeDefinitionOfQuerySelectExpression {
      "alias": "resultant_curated_idea_id",
      "sourcePath": "s.resultant_curated_idea_id",
    },
    TypeDefinitionOfQuerySelectExpression {
      "alias": "status",
      "sourcePath": "v.status",
    },
    TypeDefinitionOfQuerySelectExpression {
      "alias": "result",
      "sourcePath": "v.result",
    },
    TypeDefinitionOfQuerySelectExpression {
      "alias": "created_at",
      "sourcePath": "s.created_at",
    },
    TypeDefinitionOfQuerySelectExpression {
      "alias": "effective_at",
      "sourcePath": "v.effective_at",
    },
    TypeDefinitionOfQuerySelectExpression {
      "alias": "updated_at",
      "sourcePath": "v.created_at",
    },
  ],
  "tableReferences": Array [
    TypeDefinitionOfQueryTableReference {
      "alias": "s",
      "tableName": "suggestion",
    },
    TypeDefinitionOfQueryTableReference {
      "alias": "c",
      "tableName": "suggestion_cvp",
    },
    TypeDefinitionOfQueryTableReference {
      "alias": "v",
      "tableName": "suggestion_version",
    },
  ],
}
`;
