// Jest Snapshot v1, https://goo.gl/fbAQLP

exports[`defineTypescriptQueryFunctionForQuery should define the method accurately based on name and import path 1`] = `
"export const sqlQueryUpsertImage = async ({
  dbExecute,
  logDebug,
  input,
}: {
  dbExecute: DatabaseExecuteCommand;
  logDebug: LogMethod;
  input: SqlQueryUpsertImageInput;
}): Promise<SqlQueryUpsertImageOutput[]> =>
  executeQueryWithBestPractices({
    dbExecute,
    logDebug,
    name: 'sqlQueryUpsertImage',
    sql: sqlQueryUpsertImageSql,
    input,
  });"
`;
