// Jest Snapshot v1, https://goo.gl/fbAQLP

exports[`defineTypescriptTypesForFunction should generate accurate looking types for this function definition 1`] = `
"export interface SqlFunctionUpsertImageInput {
  in_url: string | null;
  in_caption: string | null;
  in_credit: string | null;
  in_alt_text: string | null;
}
export type SqlFunctionUpsertImageOutput = number;"
`;

exports[`defineTypescriptTypesForFunction should generate accurate looking types for this other function definition 1`] = `
"export interface SqlFunctionUpsertSuggestionInput {
  in_suggestion_source: string | null;
  in_external_id: string | null;
  in_suggested_idea_id: number | null;
  in_status: string | null;
  in_result: string | null;
  in_resultant_curated_idea_id: number | null;
}
export type SqlFunctionUpsertSuggestionOutput = number;"
`;

exports[`defineTypescriptTypesForFunction should generate accurate looking types for this other other function definition 1`] = `
"export interface SqlFunctionHashStringInput {
  in_array: string | null;
  in_delimiter: string | null;
  in_index: number | null;
}
export type SqlFunctionHashStringOutput = string;"
`;
