// Jest Snapshot v1, https://goo.gl/fbAQLP

exports[`extractSelectExpressionsFromQuerySql should be able to determine types accurately for a case where an input variable is defined in a subquery used as an input to a function 1`] = `
[
  TypeDefinitionOfQueryInputVariable {
    "name": "serviceProviderUuid",
    "type": TypeDefinitionReference {
      "functionReferencePath": null,
      "tableReferencePath": "p.uuid",
    },
  },
  TypeDefinitionOfQueryInputVariable {
    "name": "bannerImageUuid",
    "type": TypeDefinitionReference {
      "functionReferencePath": "upsert_provider_profile.input.1",
      "tableReferencePath": null,
    },
  },
  TypeDefinitionOfQueryInputVariable {
    "name": "pictureImageUuid",
    "type": TypeDefinitionReference {
      "functionReferencePath": "upsert_provider_profile.input.2",
      "tableReferencePath": null,
    },
  },
  TypeDefinitionOfQueryInputVariable {
    "name": "introduction",
    "type": TypeDefinitionReference {
      "functionReferencePath": "upsert_provider_profile.input.3",
      "tableReferencePath": null,
    },
  },
]
`;

exports[`extractSelectExpressionsFromQuerySql should be able to determine types accurately for this example 1`] = `
[
  TypeDefinitionOfQueryInputVariable {
    "name": "id",
    "type": TypeDefinitionReference {
      "functionReferencePath": null,
      "tableReferencePath": "i.id",
    },
  },
]
`;

exports[`extractSelectExpressionsFromQuerySql should be able to determine types accurately for this other example 1`] = `[]`;

exports[`extractSelectExpressionsFromQuerySql should be able to determine types accurately for this other other example 1`] = `
[
  TypeDefinitionOfQueryInputVariable {
    "name": "suggestionSource",
    "type": TypeDefinitionReference {
      "functionReferencePath": "upsert_suggestion.input.0",
      "tableReferencePath": null,
    },
  },
  TypeDefinitionOfQueryInputVariable {
    "name": "externalId",
    "type": TypeDefinitionReference {
      "functionReferencePath": "upsert_suggestion.input.1",
      "tableReferencePath": null,
    },
  },
  TypeDefinitionOfQueryInputVariable {
    "name": "suggestedIdeaId",
    "type": TypeDefinitionReference {
      "functionReferencePath": "upsert_suggestion.input.2",
      "tableReferencePath": null,
    },
  },
  TypeDefinitionOfQueryInputVariable {
    "name": "status",
    "type": TypeDefinitionReference {
      "functionReferencePath": "upsert_suggestion.input.3",
      "tableReferencePath": null,
    },
  },
  TypeDefinitionOfQueryInputVariable {
    "name": "result",
    "type": TypeDefinitionReference {
      "functionReferencePath": "upsert_suggestion.input.4",
      "tableReferencePath": null,
    },
  },
]
`;

exports[`extractSelectExpressionsFromQuerySql should be able to determine types accurately for yet another example 1`] = `
[
  TypeDefinitionOfQueryInputVariable {
    "name": "name",
    "type": TypeDefinitionReference {
      "functionReferencePath": "get_id_from_suggestion_source_name.input.0",
      "tableReferencePath": null,
    },
  },
]
`;

exports[`extractSelectExpressionsFromQuerySql should be able to extract input variables from a function that compares a timestamp with less-than-or-equals-to and null 1`] = `
[
  TypeDefinitionOfQueryInputVariable {
    "name": "threadUuid",
    "type": TypeDefinitionReference {
      "functionReferencePath": null,
      "tableReferencePath": "chat_thread.uuid",
    },
  },
  TypeDefinitionOfQueryInputVariable {
    "name": "until",
    "type": [
      "null",
    ],
  },
  TypeDefinitionOfQueryInputVariable {
    "name": "until",
    "type": TypeDefinitionReference {
      "functionReferencePath": null,
      "tableReferencePath": "chat_message.created_at",
    },
  },
  TypeDefinitionOfQueryInputVariable {
    "name": "limit",
    "type": [
      "number",
    ],
  },
]
`;

exports[`extractSelectExpressionsFromQuerySql should be able to extract input variables from a function that postgres::typecasts some of the input variables 1`] = `
[
  TypeDefinitionOfQueryInputVariable {
    "name": "homeStationGeocodeId",
    "type": TypeDefinitionReference {
      "functionReferencePath": "upsert_train.input.0",
      "tableReferencePath": null,
    },
  },
  TypeDefinitionOfQueryInputVariable {
    "name": "combinationId",
    "type": TypeDefinitionReference {
      "functionReferencePath": "upsert_train.input.1",
      "tableReferencePath": null,
    },
  },
  TypeDefinitionOfQueryInputVariable {
    "name": "locomotiveUuids",
    "type": TypeDefinitionReference {
      "functionReferencePath": "unnest.input.0",
      "tableReferencePath": null,
    },
  },
  TypeDefinitionOfQueryInputVariable {
    "name": "carriageUuids",
    "type": TypeDefinitionReference {
      "functionReferencePath": "unnest.input.0",
      "tableReferencePath": null,
    },
  },
  TypeDefinitionOfQueryInputVariable {
    "name": "engineerUuids",
    "type": TypeDefinitionReference {
      "functionReferencePath": "unnest.input.0",
      "tableReferencePath": null,
    },
  },
  TypeDefinitionOfQueryInputVariable {
    "name": "leadEngineerUuid",
    "type": TypeDefinitionReference {
      "functionReferencePath": null,
      "tableReferencePath": "train_engineer.uuid",
    },
  },
  TypeDefinitionOfQueryInputVariable {
    "name": "status",
    "type": TypeDefinitionReference {
      "functionReferencePath": "upsert_train.input.6",
      "tableReferencePath": null,
    },
  },
]
`;
