// Jest Snapshot v1, https://goo.gl/fbAQLP

exports[`extractSelectExpressionsFromQuerySql should be able to determine types accurately for this example 1`] = `
Array [
  TypeDefinitionOfQueryInputVariable {
    "functionReferencePath": null,
    "name": "id",
    "tableReferencePath": "i.id",
  },
]
`;

exports[`extractSelectExpressionsFromQuerySql should be able to determine types accurately for this other example 1`] = `Array []`;

exports[`extractSelectExpressionsFromQuerySql should be able to determine types accurately for this other other example 1`] = `
Array [
  TypeDefinitionOfQueryInputVariable {
    "functionReferencePath": "upsert_suggestion.0",
    "name": "suggestionSource",
    "tableReferencePath": null,
  },
  TypeDefinitionOfQueryInputVariable {
    "functionReferencePath": "upsert_suggestion.1",
    "name": "externalId",
    "tableReferencePath": null,
  },
  TypeDefinitionOfQueryInputVariable {
    "functionReferencePath": "upsert_suggestion.2",
    "name": "suggestedIdeaId",
    "tableReferencePath": null,
  },
  TypeDefinitionOfQueryInputVariable {
    "functionReferencePath": "upsert_suggestion.3",
    "name": "status",
    "tableReferencePath": null,
  },
  TypeDefinitionOfQueryInputVariable {
    "functionReferencePath": "upsert_suggestion.4",
    "name": "result",
    "tableReferencePath": null,
  },
]
`;

exports[`extractSelectExpressionsFromQuerySql should be able to determine types accurately for yet another example 1`] = `
Array [
  TypeDefinitionOfQueryInputVariable {
    "functionReferencePath": "get_id_from_suggestion_source_name.0",
    "name": "name",
    "tableReferencePath": null,
  },
]
`;
