// Jest Snapshot v1, https://goo.gl/fbAQLP

exports[`extractTableReferencesFromQuerySql should be able to determine types accurately for this example 1`] = `
Array [
  TypeDefinitionOfQueryTableReference {
    "alias": "i",
    "tableName": "image",
  },
]
`;

exports[`extractTableReferencesFromQuerySql should be able to determine types accurately for this other example 1`] = `
Array [
  TypeDefinitionOfQueryTableReference {
    "alias": "s",
    "tableName": "suggestion",
  },
  TypeDefinitionOfQueryTableReference {
    "alias": "c",
    "tableName": "suggestion_cvp",
  },
  TypeDefinitionOfQueryTableReference {
    "alias": "v",
    "tableName": "suggestion_version",
  },
]
`;
