// Jest Snapshot v1, https://goo.gl/fbAQLP

exports[`defineTypescriptTypesForTable should generate an accurate looking interface for a more complex table 1`] = `
"export interface SqlTableSuggestionVersion {
  id: number;
  suggestion_id: number;
  effective_at: Date;
  created_at: Date;
  status: string;
}
export type SqlTableOrViewSuggestionVersion = SqlTableSuggestionVersion;"
`;

exports[`defineTypescriptTypesForTable should generate an accurate looking interface for a simple table 1`] = `
"export interface SqlTableImage {
  id: number;
  uuid: string;
  created_at: Date;
  url: string;
  caption: string | null;
  credit: string | null;
  alt_text: string | null;
}
export type SqlTableOrViewImage = SqlTableImage;"
`;
